[dotenv@17.2.3] injecting env (0) from .env -- tip: 🛠️  run anywhere with `dotenvx run -- yourcommand`
DB Connection String: postgresql://admin:password@localhost:5433/alzohra_db

Running 3 tests using 2 workers

[1A[2K[dotenv@17.2.3] injecting env (0) from .env -- tip: 🔐 prevent building .env in docker: https://dotenvx.com/prebuild

[1A[2KDB Connection String: postgresql://admin:password@localhost:5433/alzohra_db

[1A[2K[1/3] [chromium] › tests/e2e/chicken.spec.ts:23:9 › Chicken Tracker Module › should allow manager to set daily chicken rate
[1A[2K[dotenv@17.2.3] injecting env (0) from .env -- tip: 🔄 add secrets lifecycle management: https://dotenvx.com/ops

[1A[2K[chromium] › tests/e2e/chicken.spec.ts:23:9 › Chicken Tracker Module › should allow manager to set daily chicken rate
Setup failed: error: column "contact" of relation "suppliers" does not exist
    at [90m/home/fortune/Desktop/Python_Projects/alzohra_rms/al-zohra-rms-v2/[39mnode_modules/[4mpg-pool[24m/index.js:45:11
[90m    at processTicksAndRejections (node:internal/process/task_queues:105:5)[39m
    at [90m/home/fortune/Desktop/Python_Projects/alzohra_rms/al-zohra-rms-v2/[39mtests/e2e/chicken.spec.ts:12:13
    at [90m/home/fortune/Desktop/Python_Projects/alzohra_rms/al-zohra-rms-v2/[39mnode_modules/[4mplaywright[24m/lib/worker/testInfo.js:311:11
    at TimeoutManager.withRunnable [90m(/home/fortune/Desktop/Python_Projects/alzohra_rms/al-zohra-rms-v2/[39mnode_modules/[4mplaywright[24m/lib/worker/timeoutManager.js:67:14[90m)[39m
    at TestInfoImpl._runWithTimeout [90m(/home/fortune/Desktop/Python_Projects/alzohra_rms/al-zohra-rms-v2/[39mnode_modules/[4mplaywright[24m/lib/worker/testInfo.js:309:7[90m)[39m
    at FixtureRunner.resolveParametersAndRunFunction [90m(/home/fortune/Desktop/Python_Projects/alzohra_rms/al-zohra-rms-v2/[39mnode_modules/[4mplaywright[24m/lib/worker/fixtureRunner.js:228:5[90m)[39m
    at [90m/home/fortune/Desktop/Python_Projects/alzohra_rms/al-zohra-rms-v2/[39mnode_modules/[4mplaywright[24m/lib/worker/workerMain.js:441:13
    at TestInfoImpl._runAsStep [90m(/home/fortune/Desktop/Python_Projects/alzohra_rms/al-zohra-rms-v2/[39mnode_modules/[4mplaywright[24m/lib/worker/testInfo.js:300:7[90m)[39m
    at WorkerMain._runAllHooksForSuite [90m(/home/fortune/Desktop/Python_Projects/alzohra_rms/al-zohra-rms-v2/[39mnode_modules/[4mplaywright[24m/lib/worker/workerMain.js:436:9[90m)[39m
    at WorkerMain._runBeforeAllHooksForSuite [90m(/home/fortune/Desktop/Python_Projects/alzohra_rms/al-zohra-rms-v2/[39mnode_modules/[4mplaywright[24m/lib/worker/workerMain.js:430:5[90m)[39m
    at [90m/home/fortune/Desktop/Python_Projects/alzohra_rms/al-zohra-rms-v2/[39mnode_modules/[4mplaywright[24m/lib/worker/workerMain.js:312:11
    at TestInfoImpl._runAsStep [90m(/home/fortune/Desktop/Python_Projects/alzohra_rms/al-zohra-rms-v2/[39mnode_modules/[4mplaywright[24m/lib/worker/testInfo.js:300:7[90m)[39m
    at [90m/home/fortune/Desktop/Python_Projects/alzohra_rms/al-zohra-rms-v2/[39mnode_modules/[4mplaywright[24m/lib/worker/workerMain.js:310:7
    at WorkerMain._runTest [90m(/home/fortune/Desktop/Python_Projects/alzohra_rms/al-zohra-rms-v2/[39mnode_modules/[4mplaywright[24m/lib/worker/workerMain.js:295:5[90m)[39m
    at WorkerMain.runTestGroup [90m(/home/fortune/Desktop/Python_Projects/alzohra_rms/al-zohra-rms-v2/[39mnode_modules/[4mplaywright[24m/lib/worker/workerMain.js:199:11[90m)[39m
    at process.<anonymous> [90m(/home/fortune/Desktop/Python_Projects/alzohra_rms/al-zohra-rms-v2/[39mnode_modules/[4mplaywright[24m/lib/common/process.js:65:22[90m)[39m {
  length: [33m129[39m,
  severity: [32m'ERROR'[39m,
  code: [32m'42703'[39m,
  detail: [90mundefined[39m,
  hint: [90mundefined[39m,
  position: [32m'47'[39m,
  internalPosition: [90mundefined[39m,
  internalQuery: [90mundefined[39m,
  where: [90mundefined[39m,
  schema: [90mundefined[39m,
  table: [90mundefined[39m,
  column: [90mundefined[39m,
  dataType: [90mundefined[39m,
  constraint: [90mundefined[39m,
  file: [32m'parse_target.c'[39m,
  line: [32m'1075'[39m,
  routine: [32m'checkInsertTargets'[39m
}

[1A[2KDB Connection String: postgresql://admin:password@localhost:5433/alzohra_db

[1A[2K[2/3] [chromium] › tests/e2e/chicken.spec.ts:67:9 › Chicken Tracker Module › should block editing chicken data after day closure
[1A[2K  1) [chromium] › tests/e2e/chicken.spec.ts:23:9 › Chicken Tracker Module › should allow manager to set daily chicken rate 

    error: column "contact" of relation "suppliers" does not exist

      10 |         try {
      11 |             // Ensure 'Test Vendor' exists
    > 12 |             await db.query(`
         |             ^
      13 |                 INSERT INTO suppliers (name, contact, payment_type, vendor_type, markup_required) 
      14 |                 VALUES ($1, '1234567890', 'CASH', 'SUPPLIES', false) 
      15 |                 ON CONFLICT (name) DO NOTHING
        at /home/fortune/Desktop/Python_Projects/alzohra_rms/al-zohra-rms-v2/node_modules/pg-pool/index.js:45:11
        at /home/fortune/Desktop/Python_Projects/alzohra_rms/al-zohra-rms-v2/tests/e2e/chicken.spec.ts:12:13


[1A[2K[3/3] [chromium] › tests/e2e/chicken.spec.ts:45:9 › Chicken Tracker Module › should calculate vendor markup correctly
[1A[2K[chromium] › tests/e2e/chicken.spec.ts:67:9 › Chicken Tracker Module › should block editing chicken data after day closure
Setup failed: error: column "contact" of relation "suppliers" does not exist
    at [90m/home/fortune/Desktop/Python_Projects/alzohra_rms/al-zohra-rms-v2/[39mnode_modules/[4mpg-pool[24m/index.js:45:11
[90m    at processTicksAndRejections (node:internal/process/task_queues:105:5)[39m
    at [90m/home/fortune/Desktop/Python_Projects/alzohra_rms/al-zohra-rms-v2/[39mtests/e2e/chicken.spec.ts:12:13
    at [90m/home/fortune/Desktop/Python_Projects/alzohra_rms/al-zohra-rms-v2/[39mnode_modules/[4mplaywright[24m/lib/worker/testInfo.js:311:11
    at TimeoutManager.withRunnable [90m(/home/fortune/Desktop/Python_Projects/alzohra_rms/al-zohra-rms-v2/[39mnode_modules/[4mplaywright[24m/lib/worker/timeoutManager.js:67:14[90m)[39m
    at TestInfoImpl._runWithTimeout [90m(/home/fortune/Desktop/Python_Projects/alzohra_rms/al-zohra-rms-v2/[39mnode_modules/[4mplaywright[24m/lib/worker/testInfo.js:309:7[90m)[39m
    at FixtureRunner.resolveParametersAndRunFunction [90m(/home/fortune/Desktop/Python_Projects/alzohra_rms/al-zohra-rms-v2/[39mnode_modules/[4mplaywright[24m/lib/worker/fixtureRunner.js:228:5[90m)[39m
    at [90m/home/fortune/Desktop/Python_Projects/alzohra_rms/al-zohra-rms-v2/[39mnode_modules/[4mplaywright[24m/lib/worker/workerMain.js:441:13
    at TestInfoImpl._runAsStep [90m(/home/fortune/Desktop/Python_Projects/alzohra_rms/al-zohra-rms-v2/[39mnode_modules/[4mplaywright[24m/lib/worker/testInfo.js:300:7[90m)[39m
    at WorkerMain._runAllHooksForSuite [90m(/home/fortune/Desktop/Python_Projects/alzohra_rms/al-zohra-rms-v2/[39mnode_modules/[4mplaywright[24m/lib/worker/workerMain.js:436:9[90m)[39m
    at WorkerMain._runBeforeAllHooksForSuite [90m(/home/fortune/Desktop/Python_Projects/alzohra_rms/al-zohra-rms-v2/[39mnode_modules/[4mplaywright[24m/lib/worker/workerMain.js:430:5[90m)[39m
    at [90m/home/fortune/Desktop/Python_Projects/alzohra_rms/al-zohra-rms-v2/[39mnode_modules/[4mplaywright[24m/lib/worker/workerMain.js:312:11
    at TestInfoImpl._runAsStep [90m(/home/fortune/Desktop/Python_Projects/alzohra_rms/al-zohra-rms-v2/[39mnode_modules/[4mplaywright[24m/lib/worker/testInfo.js:300:7[90m)[39m
    at [90m/home/fortune/Desktop/Python_Projects/alzohra_rms/al-zohra-rms-v2/[39mnode_modules/[4mplaywright[24m/lib/worker/workerMain.js:310:7
    at WorkerMain._runTest [90m(/home/fortune/Desktop/Python_Projects/alzohra_rms/al-zohra-rms-v2/[39mnode_modules/[4mplaywright[24m/lib/worker/workerMain.js:295:5[90m)[39m
    at WorkerMain.runTestGroup [90m(/home/fortune/Desktop/Python_Projects/alzohra_rms/al-zohra-rms-v2/[39mnode_modules/[4mplaywright[24m/lib/worker/workerMain.js:199:11[90m)[39m
    at process.<anonymous> [90m(/home/fortune/Desktop/Python_Projects/alzohra_rms/al-zohra-rms-v2/[39mnode_modules/[4mplaywright[24m/lib/common/process.js:65:22[90m)[39m {
  length: [33m129[39m,
  severity: [32m'ERROR'[39m,
  code: [32m'42703'[39m,
  detail: [90mundefined[39m,
  hint: [90mundefined[39m,
  position: [32m'47'[39m,
  internalPosition: [90mundefined[39m,
  internalQuery: [90mundefined[39m,
  where: [90mundefined[39m,
  schema: [90mundefined[39m,
  table: [90mundefined[39m,
  column: [90mundefined[39m,
  dataType: [90mundefined[39m,
  constraint: [90mundefined[39m,
  file: [32m'parse_target.c'[39m,
  line: [32m'1075'[39m,
  routine: [32m'checkInsertTargets'[39m
}

[1A[2K  2) [chromium] › tests/e2e/chicken.spec.ts:67:9 › Chicken Tracker Module › should block editing chicken data after day closure 

    error: column "contact" of relation "suppliers" does not exist

      10 |         try {
      11 |             // Ensure 'Test Vendor' exists
    > 12 |             await db.query(`
         |             ^
      13 |                 INSERT INTO suppliers (name, contact, payment_type, vendor_type, markup_required) 
      14 |                 VALUES ($1, '1234567890', 'CASH', 'SUPPLIES', false) 
      15 |                 ON CONFLICT (name) DO NOTHING
        at /home/fortune/Desktop/Python_Projects/alzohra_rms/al-zohra-rms-v2/node_modules/pg-pool/index.js:45:11
        at /home/fortune/Desktop/Python_Projects/alzohra_rms/al-zohra-rms-v2/tests/e2e/chicken.spec.ts:12:13


[1A[2K  2 failed
    [chromium] › tests/e2e/chicken.spec.ts:23:9 › Chicken Tracker Module › should allow manager to set daily chicken rate 
    [chromium] › tests/e2e/chicken.spec.ts:67:9 › Chicken Tracker Module › should block editing chicken data after day closure 
  1 did not run

[36m  Serving HTML report at http://localhost:35489. Press Ctrl+C to quit.[39m
